Mono path[0] = 'F:/Macbook Stuff/Personal/Unity/OneShotBuild/IGDStickBrawlers_Data/Managed'
Mono config path = 'F:/Macbook Stuff/Personal/Unity/OneShotBuild/MonoBleedingEdge/etc'
Input System module state changed to: Initialized.
[Physics::Module] Initialized fallback backend.
[Physics::Module] Id: 0xdecafbad
Initialize engine version: 6000.3.4f1 (fdd3b8998ec4)
[Subsystems] Discovering subsystems at path F:/Macbook Stuff/Personal/Unity/OneShotBuild/IGDStickBrawlers_Data/UnitySubsystems
[D3D12 Device Filter] Vendor Name: NVIDIA
[D3D12 Device Filter] Device Name: NVIDIA GeForce RTX 3060 Laptop GPU
[D3D12 Device Filter] Driver Version: 32.0.15.6117
[D3D12 Device Filter] Feature Level: 12.2
[D3D12 Device Filter] Graphics Memory: 5996 MB
[D3D12 Device Filter] Processor Count: 16
[D3D12 Device Filter] Device Type: Discrete
GfxDevice: creating device client; kGfxThreadingModeThreaded
d3d12: failed to query info queue interface (0x80004002).
Direct3D:
    Version:         Direct3D 12 [level 12.2]
    Renderer:        NVIDIA GeForce RTX 3060 Laptop GPU (ID=0x2560)
    Vendor:          NVIDIA
    VRAM:            5996 MB
    App VRAM Budget: 5228 MB
    Driver:          32.0.15.6117
Begin MonoManager ReloadAssembly
- Loaded All Assemblies, in  0.279 seconds
- Finished resetting the current domain, in  0.004 seconds
[Physics::Module] Selected backend.
[Physics::Module] Name: PhysX
[Physics::Module] Id: 0xf2b8ea05
[Physics::Module] SDK Version: 4.1.2
[Physics::Module] Integration Version: 1.0.0
[Physics::Module] Threading Mode: Multi-Threaded
OnLevelWasLoaded was found on UserPrefs
This message has been deprecated and will be removed in a later version of Unity.
Add a delegate to SceneManager.sceneLoaded instead to get notifications after scene loading has completed
<RI> Initializing input.
Using Windows.Gaming.Input
Input System polling thread started.
The class named 'StickAgent' is abstract. The script class can't be abstract!
UnloadTime: 0.747100 ms
Registered Communicator in Agent.
TrainingModeChecker: Detected training mode. Spawning TrainingInitiator...
Unable to save timers to file F:/Macbook Stuff/Personal/Unity/OneShotBuild/IGDStickBrawlers_Data\ML-Agents\Timers\FightScene_timers.json
[Physics::Module] Cleanup current backend.
[Physics::Module] Id: 0xf2b8ea05
Input System module state changed to: ShutdownInProgress.
Input System polling thread stopped.
Input System polling thread exited.
Input System module state changed to: Shutdown.
